C51 COMPILER V9.01   UART                                                                  06/06/2021 16:45:11 PAGE 1   


C51 COMPILER V9.01, COMPILATION OF MODULE UART
OBJECT MODULE PLACED IN .\Objects\uart.obj
COMPILER INVOKED BY: C:\Keil_v5\C51\BIN\C51.EXE Src\uart.c LARGE WARNINGLEVEL(1) OPTIMIZE(9,SPEED) BROWSE INCDIR(.\Inc;.
                    -\Src) DEBUG OBJECTEXTEND PRINT(.\Listings\uart.lst) TABS(2) OBJECT(.\Objects\uart.obj)

line level    source

   1          #include "STC8G.h"
   2          #include "intrins.h"
   3          #include "uart.h"
   4          
   5          bit busy;
   6          bit cmd_flag = 0;
   7          char count;
   8          char uart_buffer[11] = {0};
   9          
  10          //串口中断服务函数
  11          void UartIsr() interrupt 4                                            
  12          {
  13   1          if (TI)
  14   1          {
  15   2              TI = 0;
  16   2              busy = 0;
  17   2          }
  18   1          if (RI)
  19   1          {
  20   2              RI = 0;         
  21   2              uart_buffer[count] = SBUF;
  22   2              if((count >= 10) || (SBUF == '\r') || (SBUF == '\n')) 
  23   2              {
  24   3                count = 0;
  25   3                cmd_flag = 1;
  26   3              }
  27   2              else count++;        
  28   2          }
  29   1      }
  30          
  31          //串口初始化
  32          void UartInit()
  33          {
  34   1          SCON |= 0x50;
  35   1          TMOD |= 0x00;
  36   1          TL1 = BRT;
  37   1          TH1 = BRT >> 8;
  38   1          TR1 = 1;
  39   1          AUXR |= 0x40;
  40   1          count = 0x00;
  41   1          busy = 0;
  42   1      }
  43          
  44          //串口发送函数（字符）
  45          void UartSendChar(char dat)
  46          {
  47   1          while (busy);
  48   1          busy = 1;
  49   1          SBUF = dat;
  50   1      }
  51          
  52          //串口发送函数（字符串）
  53          void UartSendStr(char *p)
  54          {
C51 COMPILER V9.01   UART                                                                  06/06/2021 16:45:11 PAGE 2   

  55   1          while (*p)
  56   1          {
  57   2              UartSendChar(*p++);
  58   2          }
  59   1      }
  60          
  61          


MODULE INFORMATION:   STATIC OVERLAYABLE
   CODE SIZE        =    182    ----
   CONSTANT SIZE    =   ----    ----
   XDATA SIZE       =     12       3
   PDATA SIZE       =   ----    ----
   DATA SIZE        =   ----    ----
   IDATA SIZE       =   ----    ----
   BIT SIZE         =      2    ----
END OF MODULE INFORMATION.


C51 COMPILATION COMPLETE.  0 WARNING(S),  0 ERROR(S)
