C51 COMPILER V9.01   ULTRASONIC                                                            06/06/2021 16:45:11 PAGE 1   


C51 COMPILER V9.01, COMPILATION OF MODULE ULTRASONIC
OBJECT MODULE PLACED IN .\Objects\ultrasonic.obj
COMPILER INVOKED BY: C:\Keil_v5\C51\BIN\C51.EXE Src\ultrasonic.c LARGE WARNINGLEVEL(1) OPTIMIZE(9,SPEED) BROWSE INCDIR(.
                    -\Inc;.\Src) DEBUG OBJECTEXTEND PRINT(.\Listings\ultrasonic.lst) TABS(2) OBJECT(.\Objects\ultrasonic.obj)

line level    source

   1          #include "STC8G.h"
   2          #include "intrins.h"
   3          #include "ultrasonic.h"
   4          #include "adc.h"
   5          /******************************************************************
   6          Trig -> P33
   7          Echo -> P32
   8          *******************************************************************/
   9          
  10          //工作频率为11.0592MHz
  11          
  12          unsigned char cnt;                              //存储PCA计时溢出次数
  13          unsigned long count0;                           //记录上一次的捕获值
  14          unsigned long count1;                           //记录本次的捕获值
  15          unsigned long length;                           //存储信号的时间长度
  16          
  17          float cm = 0.0;
  18          float time = 0.0;
  19          
  20          void Delay15us();
  21          
  22          //PCA中断服务函数
  23          void PCA_Isr() interrupt 7
  24          {
  25   1          if (CF)
  26   1          {
  27   2              CF = 0;
  28   2              cnt++;                                  //PCA计时溢出次数+1
  29   2          }
  30   1          if (CCF0)
  31   1          {
  32   2              CCF0 = 0;
  33   2              count0 = count1;                        //备份上一次的捕获值
  34   2              ((unsigned char *)&count1)[3] = CCAP0L;
  35   2              ((unsigned char *)&count1)[2] = CCAP0H;
  36   2              ((unsigned char *)&count1)[1] = cnt;
  37   2              ((unsigned char *)&count1)[0] = 0;
  38   2              length = count1 - count0;               //length保存的即为捕获的脉冲宽度
  39   2            
  40   2              time = length*0.0904;                   //计算超声波距离  
  41   2              cm = time/58.0;
  42   2          }
  43   1      }
  44          
  45          //超声波模块初始化
  46          void Ultrasonic_Init()
  47          {
  48   1        
  49   1          P3M0 = 0x00;
  50   1          P3M1 = 0x04;
  51   1        
  52   1          P5M0 = 0x00;
  53   1          P5M1 = 0x00;
  54   1        
C51 COMPILER V9.01   ULTRASONIC                                                            06/06/2021 16:45:11 PAGE 2   

  55   1          cnt = 0;                                    //用户变量初始化
  56   1          count0 = 0;
  57   1          count1 = 0;
  58   1          length = 0;
  59   1          CCON = 0x00;
  60   1          CMOD = 0x09;                                //PCA时钟为系统时钟,使能PCA计时中断
  61   1      
  62   1          CL= 0x00;
  63   1          CH = 0x00;
  64   1        
  65   1          CCAPM0 = 0x31;                              //PCA模块0为16位捕获模式（边沿捕获）
  66   1          CCAP0L = 0x00;
  67   1          CCAP0H = 0x00;
  68   1      
  69   1          CR = 1;                                     //启动PCA计时器
  70   1        
  71   1          P54 = 0;
  72   1          P33 = 0;
  73   1          
  74   1      }
  75          
  76          //获取超声波测量距离
  77          float Get_Distance_cm()
  78          { 
  79   1          CR = 1;
  80   1          P33 = 1;
  81   1          Delay15us();
  82   1          P33 = 0;
  83   1        
  84   1          if(cm > Get_Threshold())                    //阈值判断，测量距离超过阈值，S端口输出高电平
  85   1          {
  86   2            P54 = 0;
  87   2          }
  88   1          else
  89   1            P54 = 1;
  90   1          return cm;
  91   1      }
  92          
  93          void Delay15us()    //@11.0592MHz
  94          {
  95   1        unsigned char i;
  96   1      
  97   1        i = 39;
  98   1        while (--i);
  99   1      }
 100          


MODULE INFORMATION:   STATIC OVERLAYABLE
   CODE SIZE        =    324    ----
   CONSTANT SIZE    =   ----    ----
   XDATA SIZE       =     21    ----
   PDATA SIZE       =   ----    ----
   DATA SIZE        =   ----    ----
   IDATA SIZE       =   ----    ----
   BIT SIZE         =   ----    ----
END OF MODULE INFORMATION.


C51 COMPILATION COMPLETE.  0 WARNING(S),  0 ERROR(S)
